// TUI Test Snapshot v1

exports[`SQL Query Keyboard Navigation › Tab cycles through controls | 1`] = String.raw`
╭────────────────────────────────────────────────────────────────────────────────╮
│┌ PPDS - Power Platform Developer Suite ───────────────────────────────────────┐│
││ File  Query  Tools  Help                                                     ││
││┌ SQL Query - PPDS Demo - Dev ───────────────────────────────────────────────┐││
│││┌ ▶ Query (Ctrl+Enter to execute, F6 to toggle focus) ─────────────────────┐│││
││││SELECT TOP 100 accountid, name, createdon FROM account                    ││││
││││                                                                          ││││
││││                                                                          ││││
││││                                                                          ││││
│││└──────────────────────────────────────────────────────────────────────────┘│││
│││┌ Results ─────────────────────────────────────────────────────────────────┐│││
││││                                                                          ││││
││││                                                                          ││││
││││                                                                          ││││
││││                                                                          ││││
││││                                                                          ││││
││││                                                                          ││││
││││                                                                          ││││
││││                                                                          ││││
││││                                                                          ││││
││││                                                                          ││││
││││                                                                          ││││
││││                                                                          ││││
││││                                                                          ││││
││││                                 No data                                  ││││
│││└──────────────────────────────────────────────────────────────────────────┘│││
│││Ready                                                                       │││
││└────────────────────────────────────────────────────────────────────────────┘││
││                                                                              ││
││ Profile: [1] (josh@powerplatformdeve…   Environment: PPDS Demo - Dev [PROD] ▼││
│└──────────────────────────────────────────────────────────────────────────────┘│
╰────────────────────────────────────────────────────────────────────────────────╯
`;

exports[`SQL Query Screen › Ctrl+E without results shows error message | 1`] = String.raw`
╭────────────────────────────────────────────────────────────────────────────────╮
│┌ PPDS - Power Platform Developer Suite ───────────────────────────────────────┐│
││ File  Query  Tools  Help                                                     ││
││┌ SQL Query - PPDS Demo - Dev ───────────────────────────────────────────────┐││
│││┌ ▶ Query (Ctrl+Enter to execute, F6 to toggle focus) ─────────────────────┐│││
││││SELECT TOP 100 accountid, name, createdon FROM account                    ││││
││││                                                                          ││││
││││                                                                          ││││
││││                                                                          ││││
│││└──────────────────────────────────────────────────────────────────────────┘│││
│││┌ Results ─────────────────────────────────────────────────────────────────┐│││
││││                                                                          ││││
││││                                                                          ││││
││││             ┌ Export ──────────────────────────────────────┐             ││││
││││             │  No data to export. Execute a query first.   │             ││││
││││             │                                              │             ││││
││││             │                   [◦ OK ◦]                   │             ││││
││││             └──────────────────────────────────────────────┘             ││││
││││                                                                          ││││
││││                                                                          ││││
││││                                                                          ││││
││││                                                                          ││││
││││                                                                          ││││
││││                                                                          ││││
││││                                 No data                                  ││││
│││└──────────────────────────────────────────────────────────────────────────┘│││
│││Ready                                                                       │││
││└────────────────────────────────────────────────────────────────────────────┘││
││                                                                              ││
││ Profile: [1] (josh@powerplatformdeve…   Environment: PPDS Demo - Dev [PROD] ▼││
│└──────────────────────────────────────────────────────────────────────────────┘│
╰────────────────────────────────────────────────────────────────────────────────╯
`;

exports[`SQL Query Screen › SQL Query screen snapshot for visual regression | 1`] = String.raw`
╭────────────────────────────────────────────────────────────────────────────────╮
│┌ PPDS - Power Platform Developer Suite ───────────────────────────────────────┐│
││ File  Query  Tools  Help                                                     ││
││┌ SQL Query - PPDS Demo - Dev ───────────────────────────────────────────────┐││
│││┌ ▶ Query (Ctrl+Enter to execute, F6 to toggle focus) ─────────────────────┐│││
││││SELECT TOP 100 accountid, name, createdon FROM account                    ││││
││││                                                                          ││││
││││                                                                          ││││
││││                                                                          ││││
│││└──────────────────────────────────────────────────────────────────────────┘│││
│││┌ Results ─────────────────────────────────────────────────────────────────┐│││
││││                                                                          ││││
││││                                                                          ││││
││││                                                                          ││││
││││                                                                          ││││
││││                                                                          ││││
││││                                                                          ││││
││││                                                                          ││││
││││                                                                          ││││
││││                                                                          ││││
││││                                                                          ││││
││││                                                                          ││││
││││                                                                          ││││
││││                                                                          ││││
││││                                 No data                                  ││││
│││└──────────────────────────────────────────────────────────────────────────┘│││
│││Ready                                                                       │││
││└────────────────────────────────────────────────────────────────────────────┘││
││                                                                              ││
││ Profile: [1] (josh@powerplatformdeve…   Environment: PPDS Demo - Dev [PROD] ▼││
│└──────────────────────────────────────────────────────────────────────────────┘│
╰────────────────────────────────────────────────────────────────────────────────╯
`;

exports[`SQL Query Screen › Tools menu opens SQL Query screen | 1`] = String.raw`
╭────────────────────────────────────────────────────────────────────────────────╮
│┌ PPDS - Power Platform Developer Suite ───────────────────────────────────────┐│
││ File  Query  Tools  Help                                                     ││
││┌ SQL Query - PPDS Demo - Dev ───────────────────────────────────────────────┐││
│││┌ ▶ Query (Ctrl+Enter to execute, F6 to toggle focus) ─────────────────────┐│││
││││SELECT TOP 100 accountid, name, createdon FROM account                    ││││
││││                                                                          ││││
││││                                                                          ││││
││││                                                                          ││││
│││└──────────────────────────────────────────────────────────────────────────┘│││
│││┌ Results ─────────────────────────────────────────────────────────────────┐│││
││││                                                                          ││││
││││                                                                          ││││
││││                                                                          ││││
││││                                                                          ││││
││││                                                                          ││││
││││                                                                          ││││
││││                                                                          ││││
││││                                                                          ││││
││││                                                                          ││││
││││                                                                          ││││
││││                                                                          ││││
││││                                                                          ││││
││││                                                                          ││││
││││                                 No data                                  ││││
│││└──────────────────────────────────────────────────────────────────────────┘│││
│││Ready                                                                       │││
││└────────────────────────────────────────────────────────────────────────────┘││
││                                                                              ││
││ Profile: [1] (josh@powerplatformdeve…   Environment: PPDS Demo - Dev [PROD] ▼││
│└──────────────────────────────────────────────────────────────────────────────┘│
╰────────────────────────────────────────────────────────────────────────────────╯
`;

