// TUI Test Snapshot v1

exports[`SQL Query Keyboard Navigation › Tab cycles through controls | 1`] = String.raw`
╭────────────────────────────────────────────────────────────────────────────────╮
│┌ SQL Query ───────────────────────────────────────────────────────────────────┐│
││┌ ▶ Query (Ctrl+Enter to execute, F6 to toggle focus) ───────────────────────┐││
│││SELECT TOP 100 accountid, name, createdon FROM account                      │││
│││                                                                            │││
│││                                                                            │││
│││                                                                            │││
││└────────────────────────────────────────────────────────────────────────────┘││
││┌ Results ───────────────────────────────────────────────────────────────────┐││
│││                                                                            │││
│││                                                                            │││
│││                                                                            │││
│││                                                                            │││
│││                                                                            │││
│││                                                                            │││
│││                                                                            │││
│││                                                                            │││
│││                                                                            │││
│││                                                                            │││
│││                                                                            │││
│││                                                                            │││
│││                                                                            │││
│││                                                                            │││
│││                                                                            │││
│││                                                                            │││
│││                                                                            │││
│││No data                                                                     │││
││└────────────────────────────────────────────────────────────────────────────┘││
││                                                                              ││
││[  Profile: None (josh@powerp… ▼ ]    [  Environment: PPDS Demo - Dev ▼ ]     ││
│└──────────────────────────────────────────────────────────────────────────────┘│
╰────────────────────────────────────────────────────────────────────────────────╯
`;

exports[`SQL Query Screen › Ctrl+E without results shows error message | 1`] = String.raw`
╭────────────────────────────────────────────────────────────────────────────────╮
│┌ SQL Query ───────────────────────────────────────────────────────────────────┐│
││┌ ▶ Query (Ctrl+Enter to execute, F6 to toggle focus) ───────────────────────┐││
│││SELECT TOP 100 accountid, name, createdon FROM account                      │││
│││                                                                            │││
│││                                                                            │││
│││                                                                            │││
││└────────────────────────────────────────────────────────────────────────────┘││
││┌ Results ───────────────────────────────────────────────────────────────────┐││
│││                                                                            │││
│││                                                                            │││
│││                                                                            │││
│││                                                                            │││
│││              ┌ Export ──────────────────────────────────────┐              │││
│││              │  No data to export. Execute a query first.   │              │││
│││              │                                              │              │││
│││              │                   [◦ OK ◦]                   │              │││
│││              └──────────────────────────────────────────────┘              │││
│││                                                                            │││
│││                                                                            │││
│││                                                                            │││
│││                                                                            │││
│││                                                                            │││
│││                                                                            │││
│││                                                                            │││
│││                                                                            │││
│││No data                                                                     │││
││└────────────────────────────────────────────────────────────────────────────┘││
││                                                                              ││
││[  Profile: None (josh@powerp… ▼ ]    [  Environment: PPDS Demo - Dev ▼ ]     ││
│└──────────────────────────────────────────────────────────────────────────────┘│
╰────────────────────────────────────────────────────────────────────────────────╯
`;

exports[`SQL Query Screen › F2 opens SQL Query screen | 1`] = String.raw`
╭────────────────────────────────────────────────────────────────────────────────╮
│┌ SQL Query ───────────────────────────────────────────────────────────────────┐│
││┌ ▶ Query (Ctrl+Enter to execute, F6 to toggle focus) ───────────────────────┐││
│││SELECT TOP 100 accountid, name, createdon FROM account                      │││
│││                                                                            │││
│││                                                                            │││
│││                                                                            │││
││└────────────────────────────────────────────────────────────────────────────┘││
││┌ Results ───────────────────────────────────────────────────────────────────┐││
│││                                                                            │││
│││                                                                            │││
│││                                                                            │││
│││                                                                            │││
│││                                                                            │││
│││                                                                            │││
│││                                                                            │││
│││                                                                            │││
│││                                                                            │││
│││                                                                            │││
│││                                                                            │││
│││                                                                            │││
│││                                                                            │││
│││                                                                            │││
│││                                                                            │││
│││                                                                            │││
│││                                                                            │││
│││No data                                                                     │││
││└────────────────────────────────────────────────────────────────────────────┘││
││                                                                              ││
││[  Profile: None (josh@powerp… ▼ ]    [  Environment: PPDS Demo - Dev ▼ ]     ││
│└──────────────────────────────────────────────────────────────────────────────┘│
╰────────────────────────────────────────────────────────────────────────────────╯
`;

exports[`SQL Query Screen › SQL Query screen snapshot for visual regression | 1`] = String.raw`
╭────────────────────────────────────────────────────────────────────────────────╮
│┌ SQL Query ───────────────────────────────────────────────────────────────────┐│
││┌ ▶ Query (Ctrl+Enter to execute, F6 to toggle focus) ───────────────────────┐││
│││SELECT TOP 100 accountid, name, createdon FROM account                      │││
│││                                                                            │││
│││                                                                            │││
│││                                                                            │││
││└────────────────────────────────────────────────────────────────────────────┘││
││┌ Results ───────────────────────────────────────────────────────────────────┐││
│││                                                                            │││
│││                                                                            │││
│││                                                                            │││
│││                                                                            │││
│││                                                                            │││
│││                                                                            │││
│││                                                                            │││
│││                                                                            │││
│││                                                                            │││
│││                                                                            │││
│││                                                                            │││
│││                                                                            │││
│││                                                                            │││
│││                                                                            │││
│││                                                                            │││
│││                                                                            │││
│││                                                                            │││
│││No data                                                                     │││
││└────────────────────────────────────────────────────────────────────────────┘││
││                                                                              ││
││[  Profile: None (josh@powerp… ▼ ]    [  Environment: PPDS Demo - Dev ▼ ]     ││
│└──────────────────────────────────────────────────────────────────────────────┘│
╰────────────────────────────────────────────────────────────────────────────────╯
`;

